21:01:20 **** Build of project transdata_bsp ****
make -k all 
"Running Make include in ps7_cortexa9_0/libsrc/coresightps_dcc_v1_5/src"
make -C ps7_cortexa9_0/libsrc/coresightps_dcc_v1_5/src -s include  "SHELL=CMD" "COMPILER=arm-none-eabi-gcc" "ARCHIVER=arm-none-eabi-ar" "COMPILER_FLAGS=  -O2 -c" "EXTRA_COMPILER_FLAGS=-mcpu=cortex-a9 -mfpu=vfpv3 -mfloat-abi=hard -nostartfiles -g -Wall -Wextra"
"Running Make include in ps7_cortexa9_0/libsrc/cpu_cortexa9_v2_7/src"
make -C ps7_cortexa9_0/libsrc/cpu_cortexa9_v2_7/src -s include  "SHELL=CMD" "COMPILER=arm-none-eabi-gcc" "ARCHIVER=arm-none-eabi-ar" "COMPILER_FLAGS=  -O2 -c" "EXTRA_COMPILER_FLAGS=-mcpu=cortex-a9 -mfpu=vfpv3 -mfloat-abi=hard -nostartfiles -g -Wall -Wextra"
"Running Make include in ps7_cortexa9_0/libsrc/ddrps_v1_0/src"
make -C ps7_cortexa9_0/libsrc/ddrps_v1_0/src -s include  "SHELL=CMD" "COMPILER=arm-none-eabi-gcc" "ARCHIVER=arm-none-eabi-ar" "COMPILER_FLAGS=  -O2 -c" "EXTRA_COMPILER_FLAGS=-mcpu=cortex-a9 -mfpu=vfpv3 -mfloat-abi=hard -nostartfiles -g -Wall -Wextra"
"Running Make include in ps7_cortexa9_0/libsrc/devcfg_v3_5/src"
make -C ps7_cortexa9_0/libsrc/devcfg_v3_5/src -s include  "SHELL=CMD" "COMPILER=arm-none-eabi-gcc" "ARCHIVER=arm-none-eabi-ar" "COMPILER_FLAGS=  -O2 -c" "EXTRA_COMPILER_FLAGS=-mcpu=cortex-a9 -mfpu=vfpv3 -mfloat-abi=hard -nostartfiles -g -Wall -Wextra"
"Running Make include in ps7_cortexa9_0/libsrc/dmaps_v2_4/src"
make -C ps7_cortexa9_0/libsrc/dmaps_v2_4/src -s include  "SHELL=CMD" "COMPILER=arm-none-eabi-gcc" "ARCHIVER=arm-none-eabi-ar" "COMPILER_FLAGS=  -O2 -c" "EXTRA_COMPILER_FLAGS=-mcpu=cortex-a9 -mfpu=vfpv3 -mfloat-abi=hard -nostartfiles -g -Wall -Wextra"
"Running Make include in ps7_cortexa9_0/libsrc/emacps_v3_9/src"
make -C ps7_cortexa9_0/libsrc/emacps_v3_9/src -s include  "SHELL=CMD" "COMPILER=arm-none-eabi-gcc" "ARCHIVER=arm-none-eabi-ar" "COMPILER_FLAGS=  -O2 -c" "EXTRA_COMPILER_FLAGS=-mcpu=cortex-a9 -mfpu=vfpv3 -mfloat-abi=hard -nostartfiles -g -Wall -Wextra"
"Running Make include in ps7_cortexa9_0/libsrc/gpiops_v3_5/src"
make -C ps7_cortexa9_0/libsrc/gpiops_v3_5/src -s include  "SHELL=CMD" "COMPILER=arm-none-eabi-gcc" "ARCHIVER=arm-none-eabi-ar" "COMPILER_FLAGS=  -O2 -c" "EXTRA_COMPILER_FLAGS=-mcpu=cortex-a9 -mfpu=vfpv3 -mfloat-abi=hard -nostartfiles -g -Wall -Wextra"
"Running Make include in ps7_cortexa9_0/libsrc/gpio_v4_4/src"
make -C ps7_cortexa9_0/libsrc/gpio_v4_4/src -s include  "SHELL=CMD" "COMPILER=arm-none-eabi-gcc" "ARCHIVER=arm-none-eabi-ar" "COMPILER_FLAGS=  -O2 -c" "EXTRA_COMPILER_FLAGS=-mcpu=cortex-a9 -mfpu=vfpv3 -mfloat-abi=hard -nostartfiles -g -Wall -Wextra"
"Running Make include in ps7_cortexa9_0/libsrc/qspips_v3_6/src"
make -C ps7_cortexa9_0/libsrc/qspips_v3_6/src -s include  "SHELL=CMD" "COMPILER=arm-none-eabi-gcc" "ARCHIVER=arm-none-eabi-ar" "COMPILER_FLAGS=  -O2 -c" "EXTRA_COMPILER_FLAGS=-mcpu=cortex-a9 -mfpu=vfpv3 -mfloat-abi=hard -nostartfiles -g -Wall -Wextra"
"Running Make include in ps7_cortexa9_0/libsrc/scugic_v4_0/src"
make -C ps7_cortexa9_0/libsrc/scugic_v4_0/src -s include  "SHELL=CMD" "COMPILER=arm-none-eabi-gcc" "ARCHIVER=arm-none-eabi-ar" "COMPILER_FLAGS=  -O2 -c" "EXTRA_COMPILER_FLAGS=-mcpu=cortex-a9 -mfpu=vfpv3 -mfloat-abi=hard -nostartfiles -g -Wall -Wextra"
"Running Make include in ps7_cortexa9_0/libsrc/scutimer_v2_1/src"
make -C ps7_cortexa9_0/libsrc/scutimer_v2_1/src -s include  "SHELL=CMD" "COMPILER=arm-none-eabi-gcc" "ARCHIVER=arm-none-eabi-ar" "COMPILER_FLAGS=  -O2 -c" "EXTRA_COMPILER_FLAGS=-mcpu=cortex-a9 -mfpu=vfpv3 -mfloat-abi=hard -nostartfiles -g -Wall -Wextra"
"Running Make include in ps7_cortexa9_0/libsrc/scuwdt_v2_1/src"
make -C ps7_cortexa9_0/libsrc/scuwdt_v2_1/src -s include  "SHELL=CMD" "COMPILER=arm-none-eabi-gcc" "ARCHIVER=arm-none-eabi-ar" "COMPILER_FLAGS=  -O2 -c" "EXTRA_COMPILER_FLAGS=-mcpu=cortex-a9 -mfpu=vfpv3 -mfloat-abi=hard -nostartfiles -g -Wall -Wextra"
"Running Make include in ps7_cortexa9_0/libsrc/sdps_v3_7/src"
make -C ps7_cortexa9_0/libsrc/sdps_v3_7/src -s include  "SHELL=CMD" "COMPILER=arm-none-eabi-gcc" "ARCHIVER=arm-none-eabi-ar" "COMPILER_FLAGS=  -O2 -c" "EXTRA_COMPILER_FLAGS=-mcpu=cortex-a9 -mfpu=vfpv3 -mfloat-abi=hard -nostartfiles -g -Wall -Wextra"
"Running Make include in ps7_cortexa9_0/libsrc/standalone_v7_0/src"
make -C ps7_cortexa9_0/libsrc/standalone_v7_0/src -s include  "SHELL=CMD" "COMPILER=arm-none-eabi-gcc" "ARCHIVER=arm-none-eabi-ar" "COMPILER_FLAGS=  -O2 -c" "EXTRA_COMPILER_FLAGS=-mcpu=cortex-a9 -mfpu=vfpv3 -mfloat-abi=hard -nostartfiles -g -Wall -Wextra"
"Running Make include in ps7_cortexa9_0/libsrc/uartps_v3_7/src"
make -C ps7_cortexa9_0/libsrc/uartps_v3_7/src -s include  "SHELL=CMD" "COMPILER=arm-none-eabi-gcc" "ARCHIVER=arm-none-eabi-ar" "COMPILER_FLAGS=  -O2 -c" "EXTRA_COMPILER_FLAGS=-mcpu=cortex-a9 -mfpu=vfpv3 -mfloat-abi=hard -nostartfiles -g -Wall -Wextra"
"Running Make include in ps7_cortexa9_0/libsrc/usbps_v2_4/src"
make -C ps7_cortexa9_0/libsrc/usbps_v2_4/src -s include  "SHELL=CMD" "COMPILER=arm-none-eabi-gcc" "ARCHIVER=arm-none-eabi-ar" "COMPILER_FLAGS=  -O2 -c" "EXTRA_COMPILER_FLAGS=-mcpu=cortex-a9 -mfpu=vfpv3 -mfloat-abi=hard -nostartfiles -g -Wall -Wextra"
"Running Make include in ps7_cortexa9_0/libsrc/xadcps_v2_3/src"
make -C ps7_cortexa9_0/libsrc/xadcps_v2_3/src -s include  "SHELL=CMD" "COMPILER=arm-none-eabi-gcc" "ARCHIVER=arm-none-eabi-ar" "COMPILER_FLAGS=  -O2 -c" "EXTRA_COMPILER_FLAGS=-mcpu=cortex-a9 -mfpu=vfpv3 -mfloat-abi=hard -nostartfiles -g -Wall -Wextra"
"Running Make libs in ps7_cortexa9_0/libsrc/coresightps_dcc_v1_5/src"
make -C ps7_cortexa9_0/libsrc/coresightps_dcc_v1_5/src -s libs  "SHELL=CMD" "COMPILER=arm-none-eabi-gcc" "ARCHIVER=arm-none-eabi-ar" "COMPILER_FLAGS=  -O2 -c" "EXTRA_COMPILER_FLAGS=-mcpu=cortex-a9 -mfpu=vfpv3 -mfloat-abi=hard -nostartfiles -g -Wall -Wextra"
"Compiling coresightps_dcc"
arm-none-eabi-ar: creating ../../../lib/libxil.a
"Running Make libs in ps7_cortexa9_0/libsrc/cpu_cortexa9_v2_7/src"
make -C ps7_cortexa9_0/libsrc/cpu_cortexa9_v2_7/src -s libs  "SHELL=CMD" "COMPILER=arm-none-eabi-gcc" "ARCHIVER=arm-none-eabi-ar" "COMPILER_FLAGS=  -O2 -c" "EXTRA_COMPILER_FLAGS=-mcpu=cortex-a9 -mfpu=vfpv3 -mfloat-abi=hard -nostartfiles -g -Wall -Wextra"
"Compiling cpu_cortexa9"
"Running Make libs in ps7_cortexa9_0/libsrc/ddrps_v1_0/src"
make -C ps7_cortexa9_0/libsrc/ddrps_v1_0/src -s libs  "SHELL=CMD" "COMPILER=arm-none-eabi-gcc" "ARCHIVER=arm-none-eabi-ar" "COMPILER_FLAGS=  -O2 -c" "EXTRA_COMPILER_FLAGS=-mcpu=cortex-a9 -mfpu=vfpv3 -mfloat-abi=hard -nostartfiles -g -Wall -Wextra"
"Compiling ddrps"
"Running Make libs in ps7_cortexa9_0/libsrc/devcfg_v3_5/src"
make -C ps7_cortexa9_0/libsrc/devcfg_v3_5/src -s libs  "SHELL=CMD" "COMPILER=arm-none-eabi-gcc" "ARCHIVER=arm-none-eabi-ar" "COMPILER_FLAGS=  -O2 -c" "EXTRA_COMPILER_FLAGS=-mcpu=cortex-a9 -mfpu=vfpv3 -mfloat-abi=hard -nostartfiles -g -Wall -Wextra"
"Compiling devcfg"
"Running Make libs in ps7_cortexa9_0/libsrc/dmaps_v2_4/src"
make -C ps7_cortexa9_0/libsrc/dmaps_v2_4/src -s libs  "SHELL=CMD" "COMPILER=arm-none-eabi-gcc" "ARCHIVER=arm-none-eabi-ar" "COMPILER_FLAGS=  -O2 -c" "EXTRA_COMPILER_FLAGS=-mcpu=cortex-a9 -mfpu=vfpv3 -mfloat-abi=hard -nostartfiles -g -Wall -Wextra"
"Compiling dmaps"
"Running Make libs in ps7_cortexa9_0/libsrc/emacps_v3_9/src"
make -C ps7_cortexa9_0/libsrc/emacps_v3_9/src -s libs  "SHELL=CMD" "COMPILER=arm-none-eabi-gcc" "ARCHIVER=arm-none-eabi-ar" "COMPILER_FLAGS=  -O2 -c" "EXTRA_COMPILER_FLAGS=-mcpu=cortex-a9 -mfpu=vfpv3 -mfloat-abi=hard -nostartfiles -g -Wall -Wextra"
"Compiling emacps"
"Running Make libs in ps7_cortexa9_0/libsrc/gpiops_v3_5/src"
make -C ps7_cortexa9_0/libsrc/gpiops_v3_5/src -s libs  "SHELL=CMD" "COMPILER=arm-none-eabi-gcc" "ARCHIVER=arm-none-eabi-ar" "COMPILER_FLAGS=  -O2 -c" "EXTRA_COMPILER_FLAGS=-mcpu=cortex-a9 -mfpu=vfpv3 -mfloat-abi=hard -nostartfiles -g -Wall -Wextra"
"Compiling gpiops"
"Running Make libs in ps7_cortexa9_0/libsrc/gpio_v4_4/src"
make -C ps7_cortexa9_0/libsrc/gpio_v4_4/src -s libs  "SHELL=CMD" "COMPILER=arm-none-eabi-gcc" "ARCHIVER=arm-none-eabi-ar" "COMPILER_FLAGS=  -O2 -c" "EXTRA_COMPILER_FLAGS=-mcpu=cortex-a9 -mfpu=vfpv3 -mfloat-abi=hard -nostartfiles -g -Wall -Wextra"
"Compiling gpio"
"Running Make libs in ps7_cortexa9_0/libsrc/qspips_v3_6/src"
make -C ps7_cortexa9_0/libsrc/qspips_v3_6/src -s libs  "SHELL=CMD" "COMPILER=arm-none-eabi-gcc" "ARCHIVER=arm-none-eabi-ar" "COMPILER_FLAGS=  -O2 -c" "EXTRA_COMPILER_FLAGS=-mcpu=cortex-a9 -mfpu=vfpv3 -mfloat-abi=hard -nostartfiles -g -Wall -Wextra"
"Compiling qspips"
"Running Make libs in ps7_cortexa9_0/libsrc/scugic_v4_0/src"
make -C ps7_cortexa9_0/libsrc/scugic_v4_0/src -s libs  "SHELL=CMD" "COMPILER=arm-none-eabi-gcc" "ARCHIVER=arm-none-eabi-ar" "COMPILER_FLAGS=  -O2 -c" "EXTRA_COMPILER_FLAGS=-mcpu=cortex-a9 -mfpu=vfpv3 -mfloat-abi=hard -nostartfiles -g -Wall -Wextra"
"Compiling scugic"
"Running Make libs in ps7_cortexa9_0/libsrc/scutimer_v2_1/src"
make -C ps7_cortexa9_0/libsrc/scutimer_v2_1/src -s libs  "SHELL=CMD" "COMPILER=arm-none-eabi-gcc" "ARCHIVER=arm-none-eabi-ar" "COMPILER_FLAGS=  -O2 -c" "EXTRA_COMPILER_FLAGS=-mcpu=cortex-a9 -mfpu=vfpv3 -mfloat-abi=hard -nostartfiles -g -Wall -Wextra"
"Compiling scutimer"
"Running Make libs in ps7_cortexa9_0/libsrc/scuwdt_v2_1/src"
make -C ps7_cortexa9_0/libsrc/scuwdt_v2_1/src -s libs  "SHELL=CMD" "COMPILER=arm-none-eabi-gcc" "ARCHIVER=arm-none-eabi-ar" "COMPILER_FLAGS=  -O2 -c" "EXTRA_COMPILER_FLAGS=-mcpu=cortex-a9 -mfpu=vfpv3 -mfloat-abi=hard -nostartfiles -g -Wall -Wextra"
"Compiling scuwdt"
"Running Make libs in ps7_cortexa9_0/libsrc/sdps_v3_7/src"
make -C ps7_cortexa9_0/libsrc/sdps_v3_7/src -s libs  "SHELL=CMD" "COMPILER=arm-none-eabi-gcc" "ARCHIVER=arm-none-eabi-ar" "COMPILER_FLAGS=  -O2 -c" "EXTRA_COMPILER_FLAGS=-mcpu=cortex-a9 -mfpu=vfpv3 -mfloat-abi=hard -nostartfiles -g -Wall -Wextra"
"Compiling sdps"
"Running Make libs in ps7_cortexa9_0/libsrc/standalone_v7_0/src"
make -C ps7_cortexa9_0/libsrc/standalone_v7_0/src -s libs  "SHELL=CMD" "COMPILER=arm-none-eabi-gcc" "ARCHIVER=arm-none-eabi-ar" "COMPILER_FLAGS=  -O2 -c" "EXTRA_COMPILER_FLAGS=-mcpu=cortex-a9 -mfpu=vfpv3 -mfloat-abi=hard -nostartfiles -g -Wall -Wextra"
"Compiling standalone"
In file included from usleep.c:56:
xtime_l.h:87:9: note: #pragma message: For the sleep routines, Global timer is being used
 #pragma message ("For the sleep routines, Global timer is being used")
         ^~~~~~~
In file included from xil_sleeptimer.c:51:
xtime_l.h:87:9: note: #pragma message: For the sleep routines, Global timer is being used
 #pragma message ("For the sleep routines, Global timer is being used")
         ^~~~~~~
In file included from xtime_l.c:49:
xtime_l.h:87:9: note: #pragma message: For the sleep routines, Global timer is being used
 #pragma message ("For the sleep routines, Global timer is being used")
         ^~~~~~~
In file included from sleep.c:53:
xtime_l.h:87:9: note: #pragma message: For the sleep routines, Global timer is being used
 #pragma message ("For the sleep routines, Global timer is being used")
         ^~~~~~~
"Running Make libs in ps7_cortexa9_0/libsrc/uartps_v3_7/src"
make -C ps7_cortexa9_0/libsrc/uartps_v3_7/src -s libs  "SHELL=CMD" "COMPILER=arm-none-eabi-gcc" "ARCHIVER=arm-none-eabi-ar" "COMPILER_FLAGS=  -O2 -c" "EXTRA_COMPILER_FLAGS=-mcpu=cortex-a9 -mfpu=vfpv3 -mfloat-abi=hard -nostartfiles -g -Wall -Wextra"
"Compiling uartps"
"Running Make libs in ps7_cortexa9_0/libsrc/usbps_v2_4/src"
make -C ps7_cortexa9_0/libsrc/usbps_v2_4/src -s libs  "SHELL=CMD" "COMPILER=arm-none-eabi-gcc" "ARCHIVER=arm-none-eabi-ar" "COMPILER_FLAGS=  -O2 -c" "EXTRA_COMPILER_FLAGS=-mcpu=cortex-a9 -mfpu=vfpv3 -mfloat-abi=hard -nostartfiles -g -Wall -Wextra"
"Compiling usbps"
"Running Make libs in ps7_cortexa9_0/libsrc/xadcps_v2_3/src"
make -C ps7_cortexa9_0/libsrc/xadcps_v2_3/src -s libs  "SHELL=CMD" "COMPILER=arm-none-eabi-gcc" "ARCHIVER=arm-none-eabi-ar" "COMPILER_FLAGS=  -O2 -c" "EXTRA_COMPILER_FLAGS=-mcpu=cortex-a9 -mfpu=vfpv3 -mfloat-abi=hard -nostartfiles -g -Wall -Wextra"
"Compiling xadcps"
'Finished building libraries'
21:01:56 **** Build of configuration Debug for project transdata ****
make pre-build main-build 
a9-linaro-pre-build-step
' '
'Building file: ../src/helloworld.c'
'Invoking: ARM v7 gcc compiler'
arm-none-eabi-gcc -Wall -O0 -g3 -c -fmessage-length=0 -MT"src/helloworld.o" -mcpu=cortex-a9 -mfpu=vfpv3 -mfloat-abi=hard -I../../transdata_bsp/ps7_cortexa9_0/include -MMD -MP -MF"src/helloworld.d" -MT"src/helloworld.o" -o "src/helloworld.o" "../src/helloworld.c"
'Finished building: ../src/helloworld.c'
' '
'Building file: ../src/platform.c'
'Invoking: ARM v7 gcc compiler'
arm-none-eabi-gcc -Wall -O0 -g3 -c -fmessage-length=0 -MT"src/platform.o" -mcpu=cortex-a9 -mfpu=vfpv3 -mfloat-abi=hard -I../../transdata_bsp/ps7_cortexa9_0/include -MMD -MP -MF"src/platform.d" -MT"src/platform.o" -o "src/platform.o" "../src/platform.c"
'Finished building: ../src/platform.c'
' '
'Building target: transdata.elf'
'Invoking: ARM v7 gcc linker'
arm-none-eabi-gcc -mcpu=cortex-a9 -mfpu=vfpv3 -mfloat-abi=hard -Wl,-build-id=none -specs=Xilinx.spec -Wl,-T -Wl,../src/lscript.ld -L../../transdata_bsp/ps7_cortexa9_0/lib -o "transdata.elf"  ./src/helloworld.o ./src/platform.o   -Wl,--start-group,-lxil,-lgcc,-lc,--end-group
'Finished building target: transdata.elf'
' '
'Invoking: ARM v7 Print Size'
arm-none-eabi-size transdata.elf  |tee "transdata.elf.size"
   text	   data	    bss	    dec	    hex	filename
  19060	   1144	  22568	  42772	   a714	transdata.elf
'Finished building: transdata.elf.size'
' '
21:02:57 **** Auto Build of configuration Debug for project transdata ****
make pre-build main-build 
a9-linaro-pre-build-step
' '
make: Nothing to be done for 'main-build'.
21:03:07 **** Auto Build of configuration Debug for project transdata ****
make pre-build main-build 
a9-linaro-pre-build-step
' '
make: Nothing to be done for 'main-build'.
21:03:10 **** Auto Build of configuration Debug for project transdata ****
make pre-build main-build 
a9-linaro-pre-build-step
' '
'Building file: ../src/helloworld.c'
'Invoking: ARM v7 gcc compiler'
arm-none-eabi-gcc -Wall -O0 -g3 -c -fmessage-length=0 -MT"src/helloworld.o" -mcpu=cortex-a9 -mfpu=vfpv3 -mfloat-abi=hard -I../../transdata_bsp/ps7_cortexa9_0/include -MMD -MP -MF"src/helloworld.d" -MT"src/helloworld.o" -o "src/helloworld.o" "../src/helloworld.c"
../src/helloworld.c:16: warning: "UART_DEVICE_ID" redefined
 #define UART_DEVICE_ID      XPAR_XUARTPS_0_DEVICE_ID
 
In file included from ../src/platform.h:36,
                 from ../src/helloworld.c:14:
../src/platform_config.h:5: note: this is the location of the previous definition
 #define UART_DEVICE_ID 0
 
../src/helloworld.c: In function 'main':
../src/helloworld.c:104:6: warning: variable 'Status_2' set but not used [-Wunused-but-set-variable]
  int Status_2;
      ^~~~~~~~
../src/helloworld.c:103:6: warning: variable 'Status_1' set but not used [-Wunused-but-set-variable]
  int Status_1;
      ^~~~~~~~
../src/helloworld.c: In function 'Handler':
../src/helloworld.c:235:5: warning: implicit declaration of function 'PLdata' [-Wimplicit-function-declaration]
     PLdata();
     ^~~~~~
../src/helloworld.c: At top level:
../src/helloworld.c:248:6: warning: conflicting types for 'PLdata'
 void PLdata()
      ^~~~~~
../src/helloworld.c:235:5: note: previous implicit declaration of 'PLdata' was here
     PLdata();
     ^~~~~~
../src/helloworld.c: In function 'PLdata':
../src/helloworld.c:290:22: warning: passing argument 2 of 'UartPsSend' from incompatible pointer type [-Wincompatible-pointer-types]
  UartPsSend(&Uart_PS,&x,4);
                      ^~
../src/helloworld.c:80:42: note: expected 'u8 *' {aka 'unsigned char *'} but argument is of type 'int *'
 int UartPsSend(XUartPs *InstancePtr, u8 *BufferPtr, u32 NumBytes) ;
                                      ~~~~^~~~~~~~~
../src/helloworld.c:291:22: warning: passing argument 2 of 'UartPsSend' from incompatible pointer type [-Wincompatible-pointer-types]
  UartPsSend(&Uart_PS,&y,4);
                      ^~
../src/helloworld.c:80:42: note: expected 'u8 *' {aka 'unsigned char *'} but argument is of type 'int *'
 int UartPsSend(XUartPs *InstancePtr, u8 *BufferPtr, u32 NumBytes) ;
                                      ~~~~^~~~~~~~~
../src/helloworld.c:292:22: warning: passing argument 2 of 'UartPsSend' from incompatible pointer type [-Wincompatible-pointer-types]
  UartPsSend(&Uart_PS,&z,4);
                      ^~
../src/helloworld.c:80:42: note: expected 'u8 *' {aka 'unsigned char *'} but argument is of type 'int *'
 int UartPsSend(XUartPs *InstancePtr, u8 *BufferPtr, u32 NumBytes) ;
                                      ~~~~^~~~~~~~~
../src/helloworld.c:255:7: warning: unused variable 'string' [-Wunused-variable]
  char string[32]={0};
       ^~~~~~
../src/helloworld.c:253:6: warning: unused variable 'i' [-Wunused-variable]
  int i;
      ^
../src/helloworld.c:252:6: warning: unused variable 't1' [-Wunused-variable]
  u32 t1;
      ^~
../src/helloworld.c:251:22: warning: unused variable 'Status3' [-Wunused-variable]
  int Status1,Status2,Status3;
                      ^~~~~~~
../src/helloworld.c:251:14: warning: unused variable 'Status2' [-Wunused-variable]
  int Status1,Status2,Status3;
              ^~~~~~~
../src/helloworld.c:251:6: warning: variable 'Status1' set but not used [-Wunused-but-set-variable]
  int Status1,Status2,Status3;
      ^~~~~~~
'Finished building: ../src/helloworld.c'
' '
'Building target: transdata.elf'
'Invoking: ARM v7 gcc linker'
arm-none-eabi-gcc -mcpu=cortex-a9 -mfpu=vfpv3 -mfloat-abi=hard -Wl,-build-id=none -specs=Xilinx.spec -Wl,-T -Wl,../src/lscript.ld -L../../transdata_bsp/ps7_cortexa9_0/lib -o "transdata.elf"  ./src/helloworld.o ./src/platform.o   -Wl,--start-group,-lxil,-lgcc,-lc,--end-group
'Finished building target: transdata.elf'
' '
'Invoking: ARM v7 Print Size'
arm-none-eabi-size transdata.elf  |tee "transdata.elf.size"
   text	   data	    bss	    dec	    hex	filename
  40880	   2416	  23752	  67048	  105e8	transdata.elf
'Finished building: transdata.elf.size'
' '
21:04:44 **** Auto Build of configuration Debug for project transdata ****
make pre-build main-build 
a9-linaro-pre-build-step
' '
'Building file: ../src/helloworld.c'
'Invoking: ARM v7 gcc compiler'
arm-none-eabi-gcc -Wall -O0 -g3 -c -fmessage-length=0 -MT"src/helloworld.o" -mcpu=cortex-a9 -mfpu=vfpv3 -mfloat-abi=hard -I../../transdata_bsp/ps7_cortexa9_0/include -MMD -MP -MF"src/helloworld.d" -MT"src/helloworld.o" -o "src/helloworld.o" "../src/helloworld.c"
../src/helloworld.c:16: warning: "UART_DEVICE_ID" redefined
 #define UART_DEVICE_ID      XPAR_XUARTPS_0_DEVICE_ID
 
In file included from ../src/platform.h:36,
                 from ../src/helloworld.c:14:
../src/platform_config.h:5: note: this is the location of the previous definition
 #define UART_DEVICE_ID 0
 
../src/helloworld.c: In function 'main':
../src/helloworld.c:104:6: warning: variable 'Status_2' set but not used [-Wunused-but-set-variable]
  int Status_2;
      ^~~~~~~~
../src/helloworld.c:103:6: warning: variable 'Status_1' set but not used [-Wunused-but-set-variable]
  int Status_1;
      ^~~~~~~~
../src/helloworld.c: In function 'Handler':
../src/helloworld.c:235:5: warning: implicit declaration of function 'PLdata' [-Wimplicit-function-declaration]
     PLdata();
     ^~~~~~
../src/helloworld.c: At top level:
../src/helloworld.c:248:6: warning: conflicting types for 'PLdata'
 void PLdata()
      ^~~~~~
../src/helloworld.c:235:5: note: previous implicit declaration of 'PLdata' was here
     PLdata();
     ^~~~~~
../src/helloworld.c: In function 'PLdata':
../src/helloworld.c:290:22: warning: passing argument 2 of 'UartPsSend' from incompatible pointer type [-Wincompatible-pointer-types]
  UartPsSend(&Uart_PS,&x,4);
                      ^~
../src/helloworld.c:80:42: note: expected 'u8 *' {aka 'unsigned char *'} but argument is of type 'int *'
 int UartPsSend(XUartPs *InstancePtr, u8 *BufferPtr, u32 NumBytes) ;
                                      ~~~~^~~~~~~~~
../src/helloworld.c:291:22: warning: passing argument 2 of 'UartPsSend' from incompatible pointer type [-Wincompatible-pointer-types]
  UartPsSend(&Uart_PS,&y,4);
                      ^~
../src/helloworld.c:80:42: note: expected 'u8 *' {aka 'unsigned char *'} but argument is of type 'int *'
 int UartPsSend(XUartPs *InstancePtr, u8 *BufferPtr, u32 NumBytes) ;
                                      ~~~~^~~~~~~~~
../src/helloworld.c:292:22: warning: passing argument 2 of 'UartPsSend' from incompatible pointer type [-Wincompatible-pointer-types]
  UartPsSend(&Uart_PS,&z,4);
                      ^~
../src/helloworld.c:80:42: note: expected 'u8 *' {aka 'unsigned char *'} but argument is of type 'int *'
 int UartPsSend(XUartPs *InstancePtr, u8 *BufferPtr, u32 NumBytes) ;
                                      ~~~~^~~~~~~~~
../src/helloworld.c:255:7: warning: unused variable 'string' [-Wunused-variable]
  char string[32]={0};
       ^~~~~~
../src/helloworld.c:253:6: warning: unused variable 'i' [-Wunused-variable]
  int i;
      ^
../src/helloworld.c:252:6: warning: unused variable 't1' [-Wunused-variable]
  u32 t1;
      ^~
../src/helloworld.c:251:22: warning: unused variable 'Status3' [-Wunused-variable]
  int Status1,Status2,Status3;
                      ^~~~~~~
../src/helloworld.c:251:14: warning: unused variable 'Status2' [-Wunused-variable]
  int Status1,Status2,Status3;
              ^~~~~~~
../src/helloworld.c:251:6: warning: variable 'Status1' set but not used [-Wunused-but-set-variable]
  int Status1,Status2,Status3;
      ^~~~~~~
'Finished building: ../src/helloworld.c'
' '
'Building target: transdata.elf'
'Invoking: ARM v7 gcc linker'
arm-none-eabi-gcc -mcpu=cortex-a9 -mfpu=vfpv3 -mfloat-abi=hard -Wl,-build-id=none -specs=Xilinx.spec -Wl,-T -Wl,../src/lscript.ld -L../../transdata_bsp/ps7_cortexa9_0/lib -o "transdata.elf"  ./src/helloworld.o ./src/platform.o   -Wl,--start-group,-lxil,-lgcc,-lc,--end-group
'Finished building target: transdata.elf'
' '
'Invoking: ARM v7 Print Size'
arm-none-eabi-size transdata.elf  |tee "transdata.elf.size"
   text	   data	    bss	    dec	    hex	filename
  40880	   2416	  23752	  67048	  105e8	transdata.elf
'Finished building: transdata.elf.size'
' '
21:05:39 **** Auto Build of configuration Debug for project transdata ****
make pre-build main-build 
a9-linaro-pre-build-step
' '
'Building file: ../src/helloworld.c'
'Invoking: ARM v7 gcc compiler'
arm-none-eabi-gcc -Wall -O0 -g3 -c -fmessage-length=0 -MT"src/helloworld.o" -mcpu=cortex-a9 -mfpu=vfpv3 -mfloat-abi=hard -I../../transdata_bsp/ps7_cortexa9_0/include -MMD -MP -MF"src/helloworld.d" -MT"src/helloworld.o" -o "src/helloworld.o" "../src/helloworld.c"
../src/helloworld.c:16: warning: "UART_DEVICE_ID" redefined
 #define UART_DEVICE_ID      XPAR_XUARTPS_0_DEVICE_ID
 
In file included from ../src/platform.h:36,
                 from ../src/helloworld.c:14:
../src/platform_config.h:5: note: this is the location of the previous definition
 #define UART_DEVICE_ID 0
 
../src/helloworld.c: In function 'main':
../src/helloworld.c:104:6: warning: variable 'Status_2' set but not used [-Wunused-but-set-variable]
  int Status_2;
      ^~~~~~~~
../src/helloworld.c:103:6: warning: variable 'Status_1' set but not used [-Wunused-but-set-variable]
  int Status_1;
      ^~~~~~~~
../src/helloworld.c: In function 'Handler':
../src/helloworld.c:235:5: warning: implicit declaration of function 'PLdata' [-Wimplicit-function-declaration]
     PLdata();
     ^~~~~~
../src/helloworld.c: At top level:
../src/helloworld.c:248:6: warning: conflicting types for 'PLdata'
 void PLdata()
      ^~~~~~
../src/helloworld.c:235:5: note: previous implicit declaration of 'PLdata' was here
     PLdata();
     ^~~~~~
../src/helloworld.c: In function 'PLdata':
../src/helloworld.c:290:22: warning: passing argument 2 of 'UartPsSend' from incompatible pointer type [-Wincompatible-pointer-types]
  UartPsSend(&Uart_PS,&x,4);
                      ^~
../src/helloworld.c:80:42: note: expected 'u8 *' {aka 'unsigned char *'} but argument is of type 'int *'
 int UartPsSend(XUartPs *InstancePtr, u8 *BufferPtr, u32 NumBytes) ;
                                      ~~~~^~~~~~~~~
../src/helloworld.c:291:22: warning: passing argument 2 of 'UartPsSend' from incompatible pointer type [-Wincompatible-pointer-types]
  UartPsSend(&Uart_PS,&y,4);
                      ^~
../src/helloworld.c:80:42: note: expected 'u8 *' {aka 'unsigned char *'} but argument is of type 'int *'
 int UartPsSend(XUartPs *InstancePtr, u8 *BufferPtr, u32 NumBytes) ;
                                      ~~~~^~~~~~~~~
../src/helloworld.c:292:22: warning: passing argument 2 of 'UartPsSend' from incompatible pointer type [-Wincompatible-pointer-types]
  UartPsSend(&Uart_PS,&z,4);
                      ^~
../src/helloworld.c:80:42: note: expected 'u8 *' {aka 'unsigned char *'} but argument is of type 'int *'
 int UartPsSend(XUartPs *InstancePtr, u8 *BufferPtr, u32 NumBytes) ;
                                      ~~~~^~~~~~~~~
../src/helloworld.c:255:7: warning: unused variable 'string' [-Wunused-variable]
  char string[32]={0};
       ^~~~~~
../src/helloworld.c:253:6: warning: unused variable 'i' [-Wunused-variable]
  int i;
      ^
../src/helloworld.c:252:6: warning: unused variable 't1' [-Wunused-variable]
  u32 t1;
      ^~
../src/helloworld.c:251:22: warning: unused variable 'Status3' [-Wunused-variable]
  int Status1,Status2,Status3;
                      ^~~~~~~
../src/helloworld.c:251:14: warning: unused variable 'Status2' [-Wunused-variable]
  int Status1,Status2,Status3;
              ^~~~~~~
../src/helloworld.c:251:6: warning: variable 'Status1' set but not used [-Wunused-but-set-variable]
  int Status1,Status2,Status3;
      ^~~~~~~
'Finished building: ../src/helloworld.c'
' '
'Building target: transdata.elf'
'Invoking: ARM v7 gcc linker'
arm-none-eabi-gcc -mcpu=cortex-a9 -mfpu=vfpv3 -mfloat-abi=hard -Wl,-build-id=none -specs=Xilinx.spec -Wl,-T -Wl,../src/lscript.ld -L../../transdata_bsp/ps7_cortexa9_0/lib -o "transdata.elf"  ./src/helloworld.o ./src/platform.o   -Wl,--start-group,-lxil,-lgcc,-lc,--end-group
'Finished building target: transdata.elf'
' '
'Invoking: ARM v7 Print Size'
arm-none-eabi-size transdata.elf  |tee "transdata.elf.size"
   text	   data	    bss	    dec	    hex	filename
  40880	   2416	  23752	  67048	  105e8	transdata.elf
'Finished building: transdata.elf.size'
' '
21:06:34 **** Incremental Build of configuration Debug for project transdata ****
make pre-build main-build 
a9-linaro-pre-build-step
' '
make: Nothing to be done for 'main-build'.
21:07:31 **** Auto Build of configuration Debug for project transdata ****
make pre-build main-build 
a9-linaro-pre-build-step
' '
'Building file: ../src/helloworld.c'
'Invoking: ARM v7 gcc compiler'
arm-none-eabi-gcc -Wall -O0 -g3 -c -fmessage-length=0 -MT"src/helloworld.o" -mcpu=cortex-a9 -mfpu=vfpv3 -mfloat-abi=hard -I../../transdata_bsp/ps7_cortexa9_0/include -MMD -MP -MF"src/helloworld.d" -MT"src/helloworld.o" -o "src/helloworld.o" "../src/helloworld.c"
../src/helloworld.c:16: warning: "UART_DEVICE_ID" redefined
 #define UART_DEVICE_ID      XPAR_XUARTPS_0_DEVICE_ID
 
In file included from ../src/platform.h:36,
                 from ../src/helloworld.c:14:
../src/platform_config.h:5: note: this is the location of the previous definition
 #define UART_DEVICE_ID 0
 
../src/helloworld.c: In function 'main':
../src/helloworld.c:104:6: warning: variable 'Status_2' set but not used [-Wunused-but-set-variable]
  int Status_2;
      ^~~~~~~~
../src/helloworld.c:103:6: warning: variable 'Status_1' set but not used [-Wunused-but-set-variable]
  int Status_1;
      ^~~~~~~~
../src/helloworld.c: In function 'Handler':
../src/helloworld.c:235:5: warning: implicit declaration of function 'PLdata' [-Wimplicit-function-declaration]
     PLdata();
     ^~~~~~
../src/helloworld.c: At top level:
../src/helloworld.c:248:6: warning: conflicting types for 'PLdata'
 void PLdata()
      ^~~~~~
../src/helloworld.c:235:5: note: previous implicit declaration of 'PLdata' was here
     PLdata();
     ^~~~~~
../src/helloworld.c: In function 'PLdata':
../src/helloworld.c:290:22: warning: passing argument 2 of 'UartPsSend' from incompatible pointer type [-Wincompatible-pointer-types]
  UartPsSend(&Uart_PS,&x,4);
                      ^~
../src/helloworld.c:80:42: note: expected 'u8 *' {aka 'unsigned char *'} but argument is of type 'int *'
 int UartPsSend(XUartPs *InstancePtr, u8 *BufferPtr, u32 NumBytes) ;
                                      ~~~~^~~~~~~~~
../src/helloworld.c:291:22: warning: passing argument 2 of 'UartPsSend' from incompatible pointer type [-Wincompatible-pointer-types]
  UartPsSend(&Uart_PS,&y,4);
                      ^~
../src/helloworld.c:80:42: note: expected 'u8 *' {aka 'unsigned char *'} but argument is of type 'int *'
 int UartPsSend(XUartPs *InstancePtr, u8 *BufferPtr, u32 NumBytes) ;
                                      ~~~~^~~~~~~~~
../src/helloworld.c:292:22: warning: passing argument 2 of 'UartPsSend' from incompatible pointer type [-Wincompatible-pointer-types]
  UartPsSend(&Uart_PS,&z,4);
                      ^~
../src/helloworld.c:80:42: note: expected 'u8 *' {aka 'unsigned char *'} but argument is of type 'int *'
 int UartPsSend(XUartPs *InstancePtr, u8 *BufferPtr, u32 NumBytes) ;
                                      ~~~~^~~~~~~~~
../src/helloworld.c:255:7: warning: unused variable 'string' [-Wunused-variable]
  char string[32]={0};
       ^~~~~~
../src/helloworld.c:253:6: warning: unused variable 'i' [-Wunused-variable]
  int i;
      ^
../src/helloworld.c:252:6: warning: unused variable 't1' [-Wunused-variable]
  u32 t1;
      ^~
../src/helloworld.c:251:22: warning: unused variable 'Status3' [-Wunused-variable]
  int Status1,Status2,Status3;
                      ^~~~~~~
../src/helloworld.c:251:14: warning: unused variable 'Status2' [-Wunused-variable]
  int Status1,Status2,Status3;
              ^~~~~~~
../src/helloworld.c:251:6: warning: variable 'Status1' set but not used [-Wunused-but-set-variable]
  int Status1,Status2,Status3;
      ^~~~~~~
'Finished building: ../src/helloworld.c'
' '
'Building target: transdata.elf'
'Invoking: ARM v7 gcc linker'
arm-none-eabi-gcc -mcpu=cortex-a9 -mfpu=vfpv3 -mfloat-abi=hard -Wl,-build-id=none -specs=Xilinx.spec -Wl,-T -Wl,../src/lscript.ld -L../../transdata_bsp/ps7_cortexa9_0/lib -o "transdata.elf"  ./src/helloworld.o ./src/platform.o   -Wl,--start-group,-lxil,-lgcc,-lc,--end-group
'Finished building target: transdata.elf'
' '
'Invoking: ARM v7 Print Size'
arm-none-eabi-size transdata.elf  |tee "transdata.elf.size"
   text	   data	    bss	    dec	    hex	filename
  40880	   2416	  23752	  67048	  105e8	transdata.elf
'Finished building: transdata.elf.size'
' '
21:08:00 **** Incremental Build of configuration Debug for project transdata ****
make pre-build main-build 
a9-linaro-pre-build-step
' '
make: Nothing to be done for 'main-build'.
21:11:46 **** Incremental Build of configuration Debug for project transdata ****
make pre-build main-build 
a9-linaro-pre-build-step
' '
make: Nothing to be done for 'main-build'.
